---
source: src/pyupgrade/mod.rs
expression: diagnostics
---
- kind:
    FormatSpecifiers: ~
  location:
    row: 12
    column: 0
  end_location:
    row: 12
    column: 18
  fix: ~
  parent: ~

