---
source: src/flake8_simplify/mod.rs
expression: checks
---
- kind:
    ReturnBoolConditionDirectly: a
  location:
    row: 2
    column: 0
  end_location:
    row: 5
    column: 16
  fix:
    content: return a
    location:
      row: 2
      column: 0
    end_location:
      row: 5
      column: 16
  parent: ~

