---
source: src/flake8_quotes/mod.rs
expression: diagnostics
---
- kind:
    BadQuotesDocstring: single
  location:
    row: 2
    column: 4
  end_location:
    row: 2
    column: 56
  fix: ~
  parent: ~
- kind:
    BadQuotesDocstring: single
  location:
    row: 8
    column: 4
  end_location:
    row: 10
    column: 7
  fix: ~
  parent: ~
- kind:
    BadQuotesDocstring: single
  location:
    row: 25
    column: 4
  end_location:
    row: 25
    column: 27
  fix: ~
  parent: ~

