---
source: src/rules/pyupgrade/mod.rs
expression: diagnostics
---
- kind:
    OutdatedVersionBlock: ~
  location:
    row: 3
    column: 0
  end_location:
    row: 6
    column: 16
  fix:
    content:
      - "print(\"py3\")"
    location:
      row: 3
      column: 0
    end_location:
      row: 6
      column: 16
  parent: ~
- kind:
    OutdatedVersionBlock: ~
  location:
    row: 8
    column: 0
  end_location:
    row: 14
    column: 16
  fix:
    content:
      - "print(\"py3\")"
    location:
      row: 8
      column: 0
    end_location:
      row: 14
      column: 16
  parent: ~
- kind:
    OutdatedVersionBlock: ~
  location:
    row: 16
    column: 0
  end_location:
    row: 17
    column: 19
  fix: ~
  parent: ~
- kind:
    OutdatedVersionBlock: ~
  location:
    row: 20
    column: 4
  end_location:
    row: 23
    column: 20
  fix:
    content:
      - "    print(\"PY3\")"
    location:
      row: 20
      column: 0
    end_location:
      row: 23
      column: 20
  parent: ~
- kind:
    OutdatedVersionBlock: ~
  location:
    row: 25
    column: 0
  end_location:
    row: 27
    column: 16
  fix:
    content:
      - "print(\"py3\")"
    location:
      row: 25
      column: 0
    end_location:
      row: 27
      column: 16
  parent: ~
- kind:
    OutdatedVersionBlock: ~
  location:
    row: 29
    column: 0
  end_location:
    row: 35
    column: 30
  fix:
    content:
      - "def f():"
      - "    print(\"py3\")"
      - "    print(\"This the next\")"
    location:
      row: 29
      column: 0
    end_location:
      row: 35
      column: 30
  parent: ~
- kind:
    OutdatedVersionBlock: ~
  location:
    row: 37
    column: 0
  end_location:
    row: 40
    column: 16
  fix:
    content:
      - "print(\"py3\")"
    location:
      row: 37
      column: 0
    end_location:
      row: 40
      column: 16
  parent: ~
- kind:
    OutdatedVersionBlock: ~
  location:
    row: 45
    column: 0
  end_location:
    row: 48
    column: 16
  fix:
    content:
      - "print(\"py3\")"
    location:
      row: 45
      column: 0
    end_location:
      row: 48
      column: 16
  parent: ~
- kind:
    OutdatedVersionBlock: ~
  location:
    row: 53
    column: 0
  end_location:
    row: 54
    column: 18
  fix: ~
  parent: ~
- kind:
    OutdatedVersionBlock: ~
  location:
    row: 56
    column: 0
  end_location:
    row: 59
    column: 16
  fix:
    content:
      - "print(\"py3\")"
    location:
      row: 56
      column: 0
    end_location:
      row: 59
      column: 16
  parent: ~
- kind:
    OutdatedVersionBlock: ~
  location:
    row: 62
    column: 4
  end_location:
    row: 65
    column: 20
  fix:
    content:
      - "    print(\"py3\")"
    location:
      row: 62
      column: 4
    end_location:
      row: 65
      column: 20
  parent: ~
- kind:
    OutdatedVersionBlock: ~
  location:
    row: 67
    column: 0
  end_location:
    row: 70
    column: 16
  fix:
    content:
      - "print(\"py3\")"
    location:
      row: 67
      column: 0
    end_location:
      row: 70
      column: 16
  parent: ~
- kind:
    OutdatedVersionBlock: ~
  location:
    row: 73
    column: 4
  end_location:
    row: 79
    column: 13
  fix:
    content:
      - "    yield"
    location:
      row: 73
      column: 0
    end_location:
      row: 79
      column: 13
  parent: ~
- kind:
    OutdatedVersionBlock: ~
  location:
    row: 86
    column: 4
  end_location:
    row: 91
    column: 16
  fix:
    content:
      - "    def f(py3):"
      - "        pass"
    location:
      row: 86
      column: 0
    end_location:
      row: 91
      column: 16
  parent: ~
- kind:
    OutdatedVersionBlock: ~
  location:
    row: 97
    column: 4
  end_location:
    row: 100
    column: 9
  fix:
    content:
      - "    3"
    location:
      row: 97
      column: 0
    end_location:
      row: 100
      column: 9
  parent: ~
- kind:
    OutdatedVersionBlock: ~
  location:
    row: 104
    column: 0
  end_location:
    row: 113
    column: 20
  fix:
    content:
      - "def f():"
      - "    print(\"py3\")"
      - "def g():"
      - "    print(\"py3\")"
    location:
      row: 104
      column: 0
    end_location:
      row: 113
      column: 20
  parent: ~
- kind:
    OutdatedVersionBlock: ~
  location:
    row: 116
    column: 4
  end_location:
    row: 117
    column: 16
  fix:
    content:
      - "    print(3)"
    location:
      row: 116
      column: 4
    end_location:
      row: 117
      column: 16
  parent: ~
- kind:
    OutdatedVersionBlock: ~
  location:
    row: 121
    column: 0
  end_location:
    row: 121
    column: 36
  fix: ~
  parent: ~
- kind:
    OutdatedVersionBlock: ~
  location:
    row: 123
    column: 0
  end_location:
    row: 124
    column: 12
  fix:
    content:
      - print(3)
    location:
      row: 123
      column: 0
    end_location:
      row: 124
      column: 12
  parent: ~

