---
source: src/rules/pyupgrade/mod.rs
expression: diagnostics
---
- kind:
    OldCodeBlocks: ~
  location:
    row: 4
    column: 0
  end_location:
    row: 11
    column: 28
  fix:
    content:
      - "print(\"py3\")"
      - "for item in range(10):"
      - "    print(f\"PY3-{item}\")"
    location:
      row: 4
      column: 0
    end_location:
      row: 11
      column: 28
  parent: ~
- kind:
    OldCodeBlocks: ~
  location:
    row: 14
    column: 4
  end_location:
    row: 21
    column: 32
  fix:
    content:
      - "print(\"py3\")"
      - "    for item in range(10):"
      - "        print(f\"PY3-{item}\")"
    location:
      row: 14
      column: 4
    end_location:
      row: 21
      column: 32
  parent: ~
- kind:
    OldCodeBlocks: ~
  location:
    row: 24
    column: 0
  end_location:
    row: 25
    column: 50
  fix:
    content:
      - "print(\"PY3!\")"
    location:
      row: 24
      column: 0
    end_location:
      row: 25
      column: 50
  parent: ~

